C:\Users\Pandor\Desktop\Not Dead Yet\Sounds\Armswosh 1.wav, quality=0, fsound_loop_off
C:\Users\Pandor\Desktop\Not Dead Yet\Sounds\Armswosh 2.wav, quality=0, fsound_loop_off
C:\Users\Pandor\Desktop\Not Dead Yet\Sounds\Armswosh 3.wav, quality=0, fsound_loop_off
C:\Users\Pandor\Desktop\Not Dead Yet\Sounds\Bear attack.wav, quality=0, fsound_loop_off
C:\Users\Pandor\Desktop\Not Dead Yet\Sounds\Bear attack2.wav, quality=0, fsound_loop_off
C:\Users\Pandor\Desktop\Not Dead Yet\Sounds\Bear breath.wav, quality=0, fsound_loop_off
C:\Users\Pandor\Desktop\Not Dead Yet\Sounds\Body fall 2.wav, quality=0, fsound_loop_off
C:\Users\Pandor\Desktop\Not Dead Yet\Sounds\Body fall 3.wav, quality=0, fsound_loop_off
C:\Users\Pandor\Desktop\Not Dead Yet\Sounds\Body fall.wav, quality=0, fsound_loop_off
C:\Users\Pandor\Desktop\Not Dead Yet\Sounds\BowShot.wav, quality=0, fsound_loop_off
C:\Users\Pandor\Desktop\Not Dead Yet\Sounds\BowStretch1.wav, quality=0, fsound_loop_off
C:\Users\Pandor\Desktop\Not Dead Yet\Sounds\BowStretch2.wav, quality=0, fsound_loop_off
C:\Users\Pandor\Desktop\Not Dead Yet\Sounds\Breathe after run 1 FEMALE.wav, quality=0, fsound_loop_off
C:\Users\Pandor\Desktop\Not Dead Yet\Sounds\Breathe after run 1 MALE.wav, quality=0, fsound_loop_off
C:\Users\Pandor\Desktop\Not Dead Yet\Sounds\Breathe after run 2 FEMALE.wav, quality=0, fsound_loop_off
C:\Users\Pandor\Desktop\Not Dead Yet\Sounds\Breathe after run 2 MALE.wav, quality=0, fsound_loop_off
C:\Users\Pandor\Desktop\Not Dead Yet\Sounds\Dead FEMALE1.wav, quality=0, fsound_loop_off
C:\Users\Pandor\Desktop\Not Dead Yet\Sounds\Dead FEMALE2.wav, quality=0, fsound_loop_off
C:\Users\Pandor\Desktop\Not Dead Yet\Sounds\Dead FEMALE3.wav, quality=0, fsound_loop_off
C:\Users\Pandor\Desktop\Not Dead Yet\Sounds\Dead MALE1.wav, quality=0, fsound_loop_off
C:\Users\Pandor\Desktop\Not Dead Yet\Sounds\Dead MALE2.wav, quality=0, fsound_loop_off
C:\Users\Pandor\Desktop\Not Dead Yet\Sounds\Dead MALE3.wav, quality=0, fsound_loop_off
C:\Users\Pandor\Desktop\Not Dead Yet\Sounds\Dear Walk 2.wav, quality=0, fsound_loop_off
C:\Users\Pandor\Desktop\Not Dead Yet\Sounds\Dear Walk 3.wav, quality=0, fsound_loop_off
C:\Users\Pandor\Desktop\Not Dead Yet\Sounds\Dear Walk 4.wav, quality=0, fsound_loop_off
C:\Users\Pandor\Desktop\Not Dead Yet\Sounds\Dear Walk 5.wav, quality=0, fsound_loop_off
C:\Users\Pandor\Desktop\Not Dead Yet\Sounds\Dear Walk.wav, quality=0, fsound_loop_off
C:\Users\Pandor\Desktop\Not Dead Yet\Sounds\Deer grunt 2.wav, quality=0, fsound_loop_off
C:\Users\Pandor\Desktop\Not Dead Yet\Sounds\Deer grunt.wav, quality=0, fsound_loop_off
C:\Users\Pandor\Desktop\Not Dead Yet\Sounds\DrinkWATER.wav, quality=0, fsound_loop_off
C:\Users\Pandor\Desktop\Not Dead Yet\Sounds\DrinkWATER2.wav, quality=0, fsound_loop_off
C:\Users\Pandor\Desktop\Not Dead Yet\Sounds\DrinkWATER3.wav, quality=0, fsound_loop_off
C:\Users\Pandor\Desktop\Not Dead Yet\Sounds\FillupWATER.wav, quality=0, fsound_loop_off
C:\Users\Pandor\Desktop\Not Dead Yet\Sounds\ForestAmbience.wav, quality=0, fsound_loop_normal
C:\Users\Pandor\Desktop\Not Dead Yet\Sounds\Gar i buskar.wav, quality=0, fsound_loop_normal
C:\Users\Pandor\Desktop\Not Dead Yet\Sounds\MenuCLICK.wav, quality=0, fsound_loop_off
C:\Users\Pandor\Desktop\Not Dead Yet\Sounds\MenuTOGGLE.wav, quality=0, fsound_loop_off
C:\Users\Pandor\Desktop\Not Dead Yet\Sounds\Place trap.wav, quality=0, fsound_loop_off
C:\Users\Pandor\Desktop\Not Dead Yet\Sounds\Running Breath 1 MALE.wav, quality=0, fsound_loop_normal
C:\Users\Pandor\Desktop\Not Dead Yet\Sounds\Running Breath 4 FEMALE.wav, quality=0, fsound_loop_normal
C:\Users\Pandor\Desktop\Not Dead Yet\Sounds\The Beartrap.wav, quality=0, fsound_loop_off
C:\Users\Pandor\Desktop\Not Dead Yet\Sounds\dirt walk\Fotsteg grus 2.wav, quality=0, fsound_loop_off
C:\Users\Pandor\Desktop\Not Dead Yet\Sounds\dirt walk\Fotsteg grus 3.wav, quality=0, fsound_loop_off
C:\Users\Pandor\Desktop\Not Dead Yet\Sounds\dirt walk\Fotsteg grus 4.wav, quality=0, fsound_loop_off
C:\Users\Pandor\Desktop\Not Dead Yet\Sounds\dirt walk\Fotsteg grus 5.wav, quality=0, fsound_loop_off
C:\Users\Pandor\Desktop\Not Dead Yet\Sounds\dirt walk\Fotsteg grus 6.wav, quality=0, fsound_loop_off
C:\Users\Pandor\Desktop\Not Dead Yet\Sounds\dirt walk\Fotsteg grus 7.wav, quality=0, fsound_loop_off
C:\Users\Pandor\Desktop\Not Dead Yet\Sounds\dirt walk\Fotsteg grus.wav, quality=0, fsound_loop_off
C:\Users\Pandor\Desktop\Not Dead Yet\Sounds\eat.wav, quality=0, fsound_loop_off
C:\Users\Pandor\Desktop\Not Dead Yet\Sounds\grass run\run 2.wav, quality=0, fsound_loop_off
C:\Users\Pandor\Desktop\Not Dead Yet\Sounds\grass run\run 3.wav, quality=0, fsound_loop_off
C:\Users\Pandor\Desktop\Not Dead Yet\Sounds\grass run\run 4.wav, quality=0, fsound_loop_off
C:\Users\Pandor\Desktop\Not Dead Yet\Sounds\grass run\run 5.wav, quality=0, fsound_loop_off
C:\Users\Pandor\Desktop\Not Dead Yet\Sounds\grass run\run 6.wav, quality=0, fsound_loop_off
C:\Users\Pandor\Desktop\Not Dead Yet\Sounds\grass run\run 7.wav, quality=0, fsound_loop_off
C:\Users\Pandor\Desktop\Not Dead Yet\Sounds\grass run\run 8.wav, quality=0, fsound_loop_off
C:\Users\Pandor\Desktop\Not Dead Yet\Sounds\grass run\run 9.wav, quality=0, fsound_loop_off
C:\Users\Pandor\Desktop\Not Dead Yet\Sounds\grass run\run.wav, quality=0, fsound_loop_off
C:\Users\Pandor\Desktop\Not Dead Yet\Sounds\grass walk\go1.wav, quality=0, fsound_loop_off
C:\Users\Pandor\Desktop\Not Dead Yet\Sounds\grass walk\go10.wav, quality=0, fsound_loop_off
C:\Users\Pandor\Desktop\Not Dead Yet\Sounds\grass walk\go11.wav, quality=0, fsound_loop_off
C:\Users\Pandor\Desktop\Not Dead Yet\Sounds\grass walk\go12.wav, quality=0, fsound_loop_off
C:\Users\Pandor\Desktop\Not Dead Yet\Sounds\grass walk\go13.wav, quality=0, fsound_loop_off
C:\Users\Pandor\Desktop\Not Dead Yet\Sounds\grass walk\go14.wav, quality=0, fsound_loop_off
C:\Users\Pandor\Desktop\Not Dead Yet\Sounds\grass walk\go15.wav, quality=0, fsound_loop_off
C:\Users\Pandor\Desktop\Not Dead Yet\Sounds\grass walk\go16.wav, quality=0, fsound_loop_off
C:\Users\Pandor\Desktop\Not Dead Yet\Sounds\grass walk\go17.wav, quality=0, fsound_loop_off
C:\Users\Pandor\Desktop\Not Dead Yet\Sounds\grass walk\go18.wav, quality=0, fsound_loop_off
C:\Users\Pandor\Desktop\Not Dead Yet\Sounds\grass walk\go19.wav, quality=0, fsound_loop_off
C:\Users\Pandor\Desktop\Not Dead Yet\Sounds\grass walk\go2.wav, quality=0, fsound_loop_off
C:\Users\Pandor\Desktop\Not Dead Yet\Sounds\grass walk\go20.wav, quality=0, fsound_loop_off
C:\Users\Pandor\Desktop\Not Dead Yet\Sounds\grass walk\go21.wav, quality=0, fsound_loop_off
C:\Users\Pandor\Desktop\Not Dead Yet\Sounds\grass walk\go22.wav, quality=0, fsound_loop_off
C:\Users\Pandor\Desktop\Not Dead Yet\Sounds\grass walk\go23.wav, quality=0, fsound_loop_off
C:\Users\Pandor\Desktop\Not Dead Yet\Sounds\grass walk\go24.wav, quality=0, fsound_loop_off
C:\Users\Pandor\Desktop\Not Dead Yet\Sounds\grass walk\go3.wav, quality=0, fsound_loop_off
C:\Users\Pandor\Desktop\Not Dead Yet\Sounds\grass walk\go4.wav, quality=0, fsound_loop_off
C:\Users\Pandor\Desktop\Not Dead Yet\Sounds\grass walk\go5.wav, quality=0, fsound_loop_off
C:\Users\Pandor\Desktop\Not Dead Yet\Sounds\grass walk\go6.wav, quality=0, fsound_loop_off
C:\Users\Pandor\Desktop\Not Dead Yet\Sounds\grass walk\go7.wav, quality=0, fsound_loop_off
C:\Users\Pandor\Desktop\Not Dead Yet\Sounds\grass walk\go8.wav, quality=0, fsound_loop_off
C:\Users\Pandor\Desktop\Not Dead Yet\Sounds\grass walk\go9.wav, quality=0, fsound_loop_off
C:\Users\Pandor\Desktop\Not Dead Yet\Sounds\more\Hitmanwithrock.wav, quality=0, fsound_loop_off
C:\Users\Pandor\Desktop\Not Dead Yet\Sounds\more\Knifestabman.wav, quality=0, fsound_loop_off
C:\Users\Pandor\Desktop\Not Dead Yet\Sounds\more\Knifestabman2.wav, quality=0, fsound_loop_off
C:\Users\Pandor\Desktop\Not Dead Yet\Sounds\more\Knifestabman3.wav, quality=0, fsound_loop_off
C:\Users\Pandor\Desktop\Not Dead Yet\Sounds\more\Knifestabman4.wav, quality=0, fsound_loop_off
C:\Users\Pandor\Desktop\Not Dead Yet\Sounds\more\Knifestabwoman 3.wav, quality=0, fsound_loop_off
C:\Users\Pandor\Desktop\Not Dead Yet\Sounds\more\Knifestabwoman.wav, quality=0, fsound_loop_off
C:\Users\Pandor\Desktop\Not Dead Yet\Sounds\more\Knifestabwoman2.wav, quality=0, fsound_loop_off
C:\Users\Pandor\Desktop\Not Dead Yet\Sounds\more\Knifestabwoman4.wav, quality=0, fsound_loop_off
C:\Users\Pandor\Desktop\Not Dead Yet\Sounds\more\Stonehitmanwithrock2.wav, quality=0, fsound_loop_off
C:\Users\Pandor\Desktop\Not Dead Yet\Sounds\more\Stonehitwomanwithrock.wav, quality=0, fsound_loop_off
C:\Users\Pandor\Desktop\Not Dead Yet\Sounds\more\Stonehitwomanwithrock2.wav, quality=0, fsound_loop_off
C:\Users\Pandor\Desktop\Not Dead Yet\Sounds\more\Wood hit.wav, quality=0, fsound_loop_off
